python : Traceback 
(most recent call 
last):
At line:1 char:1
+ python -c "import 
test_app; 
test_app.run_tests()" 
> test_output.txt 2 ...
+ ~~~~~~~~~~~~~~~~~~~~~
~~~~~~~~~~~~~~~~~~~~~~~
~~~~~~~~~~~~~~~~~~~~~~~
~~
    + CategoryInfo     
         : NotSpecifi  
  ed: (Traceback (mo   
 st recent call las    
t)::String) [], Re    
moteException
    + FullyQualifiedEr 
   rorId : NativeComm  
  andError
 
  File "<string>", 
line 1, in <module>
    import test_app; 
test_app.run_tests()
                     
~~~~~~~~~~~~~~~~~~^^
  File "C:\Users\Admin\
Hack_Hustlers\test_app.
py", line 25, in 
run_tests
    assert 
data["patient_id"] == 
"MED-001"
           ^^^^^^^^^^^^
^^^^^^^^^^^^^^^^^^^
AssertionError
Testing /register...
Register Response Data: {'id': 7, 'patient_id': 'MED-007', 'name': 'Jane Doe', 'age': 30, 'gender': 'N/A', 'blood_group': 'N/A', 'contact': '', 'location': 'New York', 'disease_history': 'Flu, Covid', 'prescriptions': 'Paracetamol', 'qr_code_path': '/qrcodes/MED-007.png'}
